Traceback (most recent call last):
  File "<frozen runpy>", line 198, in _run_module_as_main
  File "<frozen runpy>", line 88, in _run_code
  File "D:\fontend and backend dev\PowerFlex-BD\.venv\Lib\site-packages\uvicorn\__main__.py", line 4, in <module>
    uvicorn.main()
    ~~~~~~~~~~~~^^
  File "D:\fontend and backend dev\PowerFlex-BD\.venv\Lib\site-packages\click\core.py", line 1631, in __call__
    return self.main(*args, **kwargs)
           ~~~~~~~~~^^^^^^^^^^^^^^^^^
  File "D:\fontend and backend dev\PowerFlex-BD\.venv\Lib\site-packages\click\core.py", line 1552, in main
    rv = self.invoke(ctx)
  File "D:\fontend and backend dev\PowerFlex-BD\.venv\Lib\site-packages\click\core.py", line 1415, in invoke
    return ctx.invoke(self.callback, **ctx.params)
           ~~~~~~~~~~^^^^^^^^^^^^^^^^^^^^^^^^^^^^^
  File "D:\fontend and backend dev\PowerFlex-BD\.venv\Lib\site-packages\click\core.py", line 910, in invoke
    return callback(*args, **kwargs)
  File "D:\fontend and backend dev\PowerFlex-BD\.venv\Lib\site-packages\uvicorn\main.py", line 440, in main
    run(
    ~~~^
        app,
        ^^^^
    ...<48 lines>...
        reset_contextvars=reset_contextvars,
        ^^^^^^^^^^^^^^^^^^^^^^^^^^^^^^^^^^^^
    )
    ^
  File "D:\fontend and backend dev\PowerFlex-BD\.venv\Lib\site-packages\uvicorn\main.py", line 609, in run
    config.load_app()
    ~~~~~~~~~~~~~~~^^
  File "D:\fontend and backend dev\PowerFlex-BD\.venv\Lib\site-packages\uvicorn\config.py", line 428, in load_app
    return import_from_string(self.app)
  File "D:\fontend and backend dev\PowerFlex-BD\.venv\Lib\site-packages\uvicorn\importer.py", line 22, in import_from_string
    raise exc from None
  File "D:\fontend and backend dev\PowerFlex-BD\.venv\Lib\site-packages\uvicorn\importer.py", line 19, in import_from_string
    module = importlib.import_module(module_str)
  File "D:\PythonApps\Lib\importlib\__init__.py", line 88, in import_module
    return _bootstrap._gcd_import(name[level:], package, level)
           ~~~~~~~~~~~~~~~~~~~~~~^^^^^^^^^^^^^^^^^^^^^^^^^^^^^^
  File "<frozen importlib._bootstrap>", line 1398, in _gcd_import
  File "<frozen importlib._bootstrap>", line 1371, in _find_and_load
  File "<frozen importlib._bootstrap>", line 1342, in _find_and_load_unlocked
  File "<frozen importlib._bootstrap>", line 938, in _load_unlocked
  File "<frozen importlib._bootstrap_external>", line 762, in exec_module
  File "<frozen importlib._bootstrap>", line 491, in _call_with_frames_removed
  File "D:\fontend and backend dev\PowerFlex-BD\backend\main.py", line 17, in <module>
    from backend.solar import router as solar_router
ModuleNotFoundError: No module named 'backend'
